08:45
08:50 1 client1
09:03 2 client1 1
13:27 4 client1
18:30
1 75 04:24
2 0 00:00