10:00
10:05 1 client1
10:10 2 client1 1
11:00 1 client2
11:15 2 client2 2
17:00 4 client1
17:30 4 client2
19:00
1 70 06:50
2 70 06:15