10:00
10:15 1 client1
10:20 2 client1 1
12:00 11 client1
12:00
1 10 01:40