09:00
08:45 1 client_early
08:45 13 NotOpenYet
18:00
1 0 00:00