10:00
10:05 2 client1 1
10:05 13 ClientUnknown
12:00
1 0 00:00