10:00
10:05 1 client1
10:10 2 client1 1
10:15 3 client1
10:15 13 ICanWaitNoLonger!
12:00 11 client1
12:00
1 20 01:50
2 0 00:00