09:00
09:10 1 client1
09:15 2 client1 1
09:45 4 client1
10:00
1 20 00:30