something very bad again piff paff kek lol 25345234