09:00
09:15 1 client1
09:30 2 client1 1
18:00 4 client1
20:00
1 90 08:30