10:00
10:05 1 client1
10:10 2 client1 1
10:15 2 client1 2
12:00 11 client1
12:00
1 10 00:05
2 20 01:45