08:00
06:00 1 client1
06:00 13 NotOpenYet
20:00
1 0 00:00
2 0 00:00
3 0 00:00