08:00
21:00 1 client1
21:00 13 NotOpenYet
20:00
1 0 00:00
2 0 00:00
3 0 00:00