08:00
09:00 1 client1
10:00 1 client1
10:00 13 YouShallNotPass
20:00 11 client1
20:00
1 0 00:00
2 0 00:00
3 0 00:00