08:00
09:00 1 client1
10:00 2 client1 1
12:00 4 client1
14:00 1 client1
15:00 2 client1 1
17:00 4 client1
20:00
1 40 04:00
2 0 00:00
3 0 00:00