08:00
09:00 1 client1
10:00 2 client1 1
12:30 2 client1 2
20:00 11 client1
20:00
1 30 02:30
2 80 07:30
3 0 00:00