08:00
09:00 4 client1
09:00 13 ClientUnknown
20:00
1 0 00:00
2 0 00:00
3 0 00:00