08:00
09:00 1 client2
10:00 1 client1
11:00 2 client1 1
11:00 2 client2 2
12:00 1 client3
12:00 3 client3
12:00 1 client4
12:00 3 client4
14:00 4 client3
15:00 4 client4
15:00 4 client1
15:00 4 client2
20:00
1 40 04:00
2 40 04:00