08:00
09:00 1 client2
10:00 1 client1
11:00 2 client1 1
11:00 2 client2 2
12:00 4 client1
13:00 4 client2
20:00
1 10 01:00
2 20 02:00
3 0 00:00