08:00
09:00 1 client2
10:00 1 client1
11:00 2 client1 1
11:00 3 client2
12:00 4 client1
12:00 12 client2 1
13:00 4 client2
20:00
1 20 02:00