08:00
09:00 1 client2
10:00 1 client1
11:00 2 client1 1
11:00 2 client2 2
12:00 3 client1
15:00 4 client2
20:00 11 client1
20:00
1 90 09:00
2 40 04:00