08:00
09:00 1 client2
10:00 1 client1
11:00 2 client1 1
12:00 3 client2
14:00 4 client2
15:00 4 client1
20:00
1 40 04:00