08:00
09:00 1 client2
10:00 1 client1
11:00 2 client1 1
11:00 2 client2 2
12:00 2 client1 2
12:00 13 PlaceIsBusy
13:00 2 client2 1
13:00 13 PlaceIsBusy
14:00 4 client1
15:00 4 client2
20:00
1 30 03:00
2 40 04:00